
Discarded input sections

 .text          0x00000000        0x0 ./src/gpio.o
 .data          0x00000000        0x0 ./src/gpio.o
 .bss           0x00000000        0x0 ./src/gpio.o
 .text.gpio_input_data_bit_read
                0x00000000      0x12c ./src/gpio.o
 .text.gpio_output_data_bit_read
                0x00000000      0x12c ./src/gpio.o
 .text.gpio_output_data_bit_setup
                0x00000000      0x1b0 ./src/gpio.o
 .text          0x00000000        0x0 ./src/main.o
 .data          0x00000000        0x0 ./src/main.o
 .bss           0x00000000        0x0 ./src/main.o
 .text          0x00000000        0x0 ./src/spi.o
 .data          0x00000000        0x0 ./src/spi.o
 .bss           0x00000000        0x0 ./src/spi.o
 .debug_info    0x00000000       0x64 ./src/spi.o
 .debug_abbrev  0x00000000       0x26 ./src/spi.o
 .debug_aranges
                0x00000000       0x18 ./src/spi.o
 .debug_line    0x00000000       0x1d ./src/spi.o
 .debug_str     0x00000000      0x1a0 ./src/spi.o
 .comment       0x00000000       0x4e ./src/spi.o
 .ARM.attributes
                0x00000000       0x2d ./src/spi.o
 .text          0x00000000       0x14 ./src/startup_stm32f429_439xx.o
 .data          0x00000000        0x0 ./src/startup_stm32f429_439xx.o
 .bss           0x00000000        0x0 ./src/startup_stm32f429_439xx.o
 .text          0x00000000        0x0 ./src/system_stm32f4xx.o
 .data          0x00000000        0x0 ./src/system_stm32f4xx.o
 .bss           0x00000000        0x0 ./src/system_stm32f4xx.o
 .data.SystemCoreClock
                0x00000000        0x4 ./src/system_stm32f4xx.o
 .data.AHBPrescTable
                0x00000000       0x10 ./src/system_stm32f4xx.o
 .text.SystemCoreClockUpdate
                0x00000000      0x100 ./src/system_stm32f4xx.o
 .text          0x00000000        0x0 ./src/tic12400.o
 .data          0x00000000        0x0 ./src/tic12400.o
 .bss           0x00000000        0x0 ./src/tic12400.o
 .text.tic12400_tx_data_transposition
                0x00000000       0x36 ./src/tic12400.o
 .text.tic12400_rx_data_transposition
                0x00000000       0x3e ./src/tic12400.o
 .text.tic12400_handler
                0x00000000       0xec ./src/tic12400.o
 .debug_info    0x00000000      0x3a9 ./src/tic12400.o
 .debug_abbrev  0x00000000      0x132 ./src/tic12400.o
 .debug_aranges
                0x00000000       0x30 ./src/tic12400.o
 .debug_ranges  0x00000000       0x20 ./src/tic12400.o
 .debug_line    0x00000000      0x162 ./src/tic12400.o
 .debug_str     0x00000000      0x678 ./src/tic12400.o
 .comment       0x00000000       0x4e ./src/tic12400.o
 .debug_frame   0x00000000       0x88 ./src/tic12400.o
 .ARM.attributes
                0x00000000       0x2d ./src/tic12400.o

Memory Configuration

Name             Origin             Length             Attributes
RAM              0x20000000         0x00030000         xrw
CCMRAM           0x10000000         0x00010000         xrw
FLASH            0x08000000         0x00100000         xr
*default*        0x00000000         0xffffffff

Linker script and memory map

LOAD ./src/gpio.o
LOAD ./src/main.o
LOAD ./src/spi.o
LOAD ./src/startup_stm32f429_439xx.o
LOAD ./src/system_stm32f4xx.o
LOAD ./src/tic12400.o
                0x20030000                _estack = 0x20030000
                0x00000000                _Min_Heap_Size = 0x0
                0x00000400                _Min_Stack_Size = 0x400

.isr_vector     0x08000000      0x1ac
                0x08000000                . = ALIGN (0x4)
 *(.isr_vector)
 .isr_vector    0x08000000      0x1ac ./src/startup_stm32f429_439xx.o
                0x08000000                g_pfnVectors
                0x080001ac                . = ALIGN (0x4)

.text           0x080001ac      0xb58
                0x080001ac                . = ALIGN (0x4)
 *(.text)
 *(.text*)
 .text.gpio_pin_setup
                0x080001ac       0x5e ./src/gpio.o
                0x080001ac                gpio_pin_setup
 *fill*         0x0800020a        0x2 
 .text.gpio_mode_bit_setup
                0x0800020c      0x1b0 ./src/gpio.o
                0x0800020c                gpio_mode_bit_setup
 .text.gpio_output_type_bit_setup
                0x080003bc      0x1b0 ./src/gpio.o
                0x080003bc                gpio_output_type_bit_setup
 .text.gpio_output_speed_bit_setup
                0x0800056c      0x1b0 ./src/gpio.o
                0x0800056c                gpio_output_speed_bit_setup
 .text.gpio_pull_updown_bit_setup
                0x0800071c      0x1b0 ./src/gpio.o
                0x0800071c                gpio_pull_updown_bit_setup
 .text.gpio_alternate_function_bit_setup
                0x080008cc      0x1b0 ./src/gpio.o
                0x080008cc                gpio_alternate_function_bit_setup
 .text.main     0x08000a7c       0xbc ./src/main.o
                0x08000a7c                main
 .text.Reset_Handler
                0x08000b38       0x44 ./src/startup_stm32f429_439xx.o
                0x08000b38                Reset_Handler
 .text.Default_Handler
                0x08000b7c        0x2 ./src/startup_stm32f429_439xx.o
                0x08000b7c                RTC_Alarm_IRQHandler
                0x08000b7c                HASH_RNG_IRQHandler
                0x08000b7c                EXTI2_IRQHandler
                0x08000b7c                TIM8_CC_IRQHandler
                0x08000b7c                DebugMon_Handler
                0x08000b7c                UART8_IRQHandler
                0x08000b7c                SPI4_IRQHandler
                0x08000b7c                TIM1_CC_IRQHandler
                0x08000b7c                DMA2_Stream5_IRQHandler
                0x08000b7c                HardFault_Handler
                0x08000b7c                DMA1_Stream5_IRQHandler
                0x08000b7c                SysTick_Handler
                0x08000b7c                PVD_IRQHandler
                0x08000b7c                SDIO_IRQHandler
                0x08000b7c                TAMP_STAMP_IRQHandler
                0x08000b7c                PendSV_Handler
                0x08000b7c                NMI_Handler
                0x08000b7c                CAN2_RX1_IRQHandler
                0x08000b7c                EXTI3_IRQHandler
                0x08000b7c                TIM8_TRG_COM_TIM14_IRQHandler
                0x08000b7c                TIM1_UP_TIM10_IRQHandler
                0x08000b7c                TIM8_UP_TIM13_IRQHandler
                0x08000b7c                I2C3_ER_IRQHandler
                0x08000b7c                EXTI0_IRQHandler
                0x08000b7c                I2C2_EV_IRQHandler
                0x08000b7c                DMA1_Stream2_IRQHandler
                0x08000b7c                CAN1_RX0_IRQHandler
                0x08000b7c                FPU_IRQHandler
                0x08000b7c                OTG_HS_WKUP_IRQHandler
                0x08000b7c                UsageFault_Handler
                0x08000b7c                LTDC_ER_IRQHandler
                0x08000b7c                CAN2_SCE_IRQHandler
                0x08000b7c                DMA2_Stream2_IRQHandler
                0x08000b7c                SPI1_IRQHandler
                0x08000b7c                TIM6_DAC_IRQHandler
                0x08000b7c                TIM1_BRK_TIM9_IRQHandler
                0x08000b7c                DCMI_IRQHandler
                0x08000b7c                CAN2_RX0_IRQHandler
                0x08000b7c                DMA2_Stream3_IRQHandler
                0x08000b7c                USART6_IRQHandler
                0x08000b7c                USART3_IRQHandler
                0x08000b7c                CRYP_IRQHandler
                0x08000b7c                CAN1_RX1_IRQHandler
                0x08000b7c                UART5_IRQHandler
                0x08000b7c                DMA2_Stream0_IRQHandler
                0x08000b7c                TIM4_IRQHandler
                0x08000b7c                I2C1_EV_IRQHandler
                0x08000b7c                DMA1_Stream6_IRQHandler
                0x08000b7c                DMA1_Stream1_IRQHandler
                0x08000b7c                UART4_IRQHandler
                0x08000b7c                TIM3_IRQHandler
                0x08000b7c                RCC_IRQHandler
                0x08000b7c                TIM8_BRK_TIM12_IRQHandler
                0x08000b7c                Default_Handler
                0x08000b7c                EXTI15_10_IRQHandler
                0x08000b7c                ADC_IRQHandler
                0x08000b7c                DMA1_Stream7_IRQHandler
                0x08000b7c                SPI5_IRQHandler
                0x08000b7c                TIM7_IRQHandler
                0x08000b7c                CAN2_TX_IRQHandler
                0x08000b7c                TIM5_IRQHandler
                0x08000b7c                DMA2_Stream7_IRQHandler
                0x08000b7c                I2C3_EV_IRQHandler
                0x08000b7c                EXTI9_5_IRQHandler
                0x08000b7c                RTC_WKUP_IRQHandler
                0x08000b7c                LTDC_IRQHandler
                0x08000b7c                ETH_WKUP_IRQHandler
                0x08000b7c                SPI2_IRQHandler
                0x08000b7c                OTG_HS_EP1_IN_IRQHandler
                0x08000b7c                MemManage_Handler
                0x08000b7c                DMA1_Stream0_IRQHandler
                0x08000b7c                CAN1_TX_IRQHandler
                0x08000b7c                SVC_Handler
                0x08000b7c                EXTI4_IRQHandler
                0x08000b7c                FSMC_IRQHandler
                0x08000b7c                ETH_IRQHandler
                0x08000b7c                OTG_HS_EP1_OUT_IRQHandler
                0x08000b7c                WWDG_IRQHandler
                0x08000b7c                SPI6_IRQHandler
                0x08000b7c                TIM2_IRQHandler
                0x08000b7c                OTG_FS_WKUP_IRQHandler
                0x08000b7c                TIM1_TRG_COM_TIM11_IRQHandler
                0x08000b7c                OTG_HS_IRQHandler
                0x08000b7c                DMA2D_IRQHandler
                0x08000b7c                EXTI1_IRQHandler
                0x08000b7c                UART7_IRQHandler
                0x08000b7c                USART2_IRQHandler
                0x08000b7c                I2C2_ER_IRQHandler
                0x08000b7c                DMA2_Stream1_IRQHandler
                0x08000b7c                CAN1_SCE_IRQHandler
                0x08000b7c                FLASH_IRQHandler
                0x08000b7c                DMA2_Stream4_IRQHandler
                0x08000b7c                BusFault_Handler
                0x08000b7c                USART1_IRQHandler
                0x08000b7c                OTG_FS_IRQHandler
                0x08000b7c                SPI3_IRQHandler
                0x08000b7c                DMA1_Stream4_IRQHandler
                0x08000b7c                I2C1_ER_IRQHandler
                0x08000b7c                DMA2_Stream6_IRQHandler
                0x08000b7c                SAI1_IRQHandler
                0x08000b7c                DMA1_Stream3_IRQHandler
 *fill*         0x08000b7e        0x2 
 .text.SystemInit
                0x08000b80       0x5c ./src/system_stm32f4xx.o
                0x08000b80                SystemInit
 .text.SetSysClock
                0x08000bdc      0x128 ./src/system_stm32f4xx.o
 *(.glue_7)
 .glue_7        0x08000d04        0x0 linker stubs
 *(.glue_7t)
 .glue_7t       0x08000d04        0x0 linker stubs
 *(.eh_frame)
 *(.init)
 *(.fini)
                0x08000d04                . = ALIGN (0x4)
                0x08000d04                _etext = .

.vfp11_veneer   0x08000d04        0x0
 .vfp11_veneer  0x08000d04        0x0 linker stubs

.v4_bx          0x08000d04        0x0
 .v4_bx         0x08000d04        0x0 linker stubs

.iplt           0x08000d04        0x0
 .iplt          0x08000d04        0x0 ./src/gpio.o

.rel.dyn        0x08000d04        0x0
 .rel.iplt      0x08000d04        0x0 ./src/gpio.o

.rodata         0x08000d04        0x0
                0x08000d04                . = ALIGN (0x4)
 *(.rodata)
 *(.rodata*)
                0x08000d04                . = ALIGN (0x4)

.ARM.extab
 *(.ARM.extab* .gnu.linkonce.armextab.*)

.ARM            0x08000d04        0x0
                0x08000d04                __exidx_start = .
 *(.ARM.exidx*)
                0x08000d04                __exidx_end = .

.preinit_array  0x08000d04        0x0
                [!provide]                PROVIDE (__preinit_array_start = .)
 *(.preinit_array*)
                [!provide]                PROVIDE (__preinit_array_end = .)

.init_array     0x08000d04        0x0
                [!provide]                PROVIDE (__init_array_start = .)
 *(SORT_BY_NAME(.init_array.*))
 *(.init_array*)
                [!provide]                PROVIDE (__init_array_end = .)

.fini_array     0x08000d04        0x0
                [!provide]                PROVIDE (__fini_array_start = .)
 *(SORT_BY_NAME(.fini_array.*))
 *(.fini_array*)
                [!provide]                PROVIDE (__fini_array_end = .)
                0x08000d04                _sidata = LOADADDR (.data)

.data           0x20000000        0x0 load address 0x08000d04
                0x20000000                . = ALIGN (0x4)
                0x20000000                _sdata = .
 *(.data)
 *(.data*)
                0x20000000                . = ALIGN (0x4)
                0x20000000                _edata = .
                0x08000d04                _siccmram = LOADADDR (.ccmram)

.igot.plt       0x20000000        0x0 load address 0x08000d04
 .igot.plt      0x20000000        0x0 ./src/gpio.o

.ccmram         0x10000000        0x0 load address 0x08000d04
                0x10000000                . = ALIGN (0x4)
                0x10000000                _sccmram = .
 *(.ccmram)
 *(.ccmram*)
                0x10000000                . = ALIGN (0x4)
                0x10000000                _eccmram = .
                0x10000000                . = ALIGN (0x4)

.bss            0x20000000        0x0
                0x20000000                _sbss = .
                0x20000000                __bss_start__ = _sbss
 *(.bss)
 *(.bss*)
 *(COMMON)
                0x20000000                . = ALIGN (0x4)
                0x20000000                _ebss = .
                0x20000000                __bss_end__ = _ebss

._user_heap_stack
                0x20000000      0x400
                0x20000000                . = ALIGN (0x8)
                [!provide]                PROVIDE (end = .)
                [!provide]                PROVIDE (_end = .)
                0x20000000                . = (. + _Min_Heap_Size)
                0x20000400                . = (. + _Min_Stack_Size)
 *fill*         0x20000000      0x400 
                0x20000400                . = ALIGN (0x8)

/DISCARD/
 libc.a(*)
 libm.a(*)
 libgcc.a(*)

.ARM.attributes
                0x00000000       0x33
 *(.ARM.attributes)
 .ARM.attributes
                0x00000000       0x2d ./src/gpio.o
 .ARM.attributes
                0x0000002d       0x2d ./src/main.o
 .ARM.attributes
                0x0000005a       0x23 ./src/startup_stm32f429_439xx.o
 .ARM.attributes
                0x0000007d       0x2d ./src/system_stm32f4xx.o
OUTPUT(PPT_TVU.elf elf32-littlearm)
LOAD linker stubs
LOAD c:/program files (x86)/gnu arm embedded toolchain/10 2020-q4-major/bin/../lib/gcc/arm-none-eabi/10.2.1/../../../../arm-none-eabi/lib/thumb/v7-m/nofp\libc.a
LOAD c:/program files (x86)/gnu arm embedded toolchain/10 2020-q4-major/bin/../lib/gcc/arm-none-eabi/10.2.1/../../../../arm-none-eabi/lib/thumb/v7-m/nofp\libm.a
LOAD c:/program files (x86)/gnu arm embedded toolchain/10 2020-q4-major/bin/../lib/gcc/arm-none-eabi/10.2.1/thumb/v7-m/nofp\libgcc.a

.debug_info     0x00000000     0x19f4
 .debug_info    0x00000000      0xfde ./src/gpio.o
 .debug_info    0x00000fde      0x3da ./src/main.o
 .debug_info    0x000013b8       0x22 ./src/startup_stm32f429_439xx.o
 .debug_info    0x000013da      0x61a ./src/system_stm32f4xx.o

.debug_abbrev   0x00000000      0x44d
 .debug_abbrev  0x00000000      0x1df ./src/gpio.o
 .debug_abbrev  0x000001df       0xf7 ./src/main.o
 .debug_abbrev  0x000002d6       0x12 ./src/startup_stm32f429_439xx.o
 .debug_abbrev  0x000002e8      0x165 ./src/system_stm32f4xx.o

.debug_aranges  0x00000000       0xd8
 .debug_aranges
                0x00000000       0x60 ./src/gpio.o
 .debug_aranges
                0x00000060       0x20 ./src/main.o
 .debug_aranges
                0x00000080       0x28 ./src/startup_stm32f429_439xx.o
 .debug_aranges
                0x000000a8       0x30 ./src/system_stm32f4xx.o

.debug_ranges   0x00000000       0xa0
 .debug_ranges  0x00000000       0x50 ./src/gpio.o
 .debug_ranges  0x00000050       0x10 ./src/main.o
 .debug_ranges  0x00000060       0x20 ./src/startup_stm32f429_439xx.o
 .debug_ranges  0x00000080       0x20 ./src/system_stm32f4xx.o

.debug_line     0x00000000      0x9a6
 .debug_line    0x00000000      0x4f1 ./src/gpio.o
 .debug_line    0x000004f1      0x16a ./src/main.o
 .debug_line    0x0000065b       0x7c ./src/startup_stm32f429_439xx.o
 .debug_line    0x000006d7      0x2cf ./src/system_stm32f4xx.o

.debug_str      0x00000000      0x9c9
 .debug_str     0x00000000      0x743 ./src/gpio.o
                                0x807 (size before relaxing)
 .debug_str     0x00000743      0x135 ./src/main.o
                                0x320 (size before relaxing)
 .debug_str     0x00000878       0x2f ./src/startup_stm32f429_439xx.o
                                 0x5f (size before relaxing)
 .debug_str     0x000008a7      0x122 ./src/system_stm32f4xx.o
                                0x3f5 (size before relaxing)

.comment        0x00000000       0x4d
 .comment       0x00000000       0x4d ./src/gpio.o
                                 0x4e (size before relaxing)
 .comment       0x0000004d       0x4e ./src/main.o
 .comment       0x0000004d       0x4e ./src/system_stm32f4xx.o

.debug_frame    0x00000000      0x220
 .debug_frame   0x00000000      0x174 ./src/gpio.o
 .debug_frame   0x00000174       0x30 ./src/main.o
 .debug_frame   0x000001a4       0x7c ./src/system_stm32f4xx.o

Cross Reference Table

Symbol                                            File
ADC_IRQHandler                                    ./src/startup_stm32f429_439xx.o
AHBPrescTable                                     ./src/system_stm32f4xx.o
BusFault_Handler                                  ./src/startup_stm32f429_439xx.o
CAN1_RX0_IRQHandler                               ./src/startup_stm32f429_439xx.o
CAN1_RX1_IRQHandler                               ./src/startup_stm32f429_439xx.o
CAN1_SCE_IRQHandler                               ./src/startup_stm32f429_439xx.o
CAN1_TX_IRQHandler                                ./src/startup_stm32f429_439xx.o
CAN2_RX0_IRQHandler                               ./src/startup_stm32f429_439xx.o
CAN2_RX1_IRQHandler                               ./src/startup_stm32f429_439xx.o
CAN2_SCE_IRQHandler                               ./src/startup_stm32f429_439xx.o
CAN2_TX_IRQHandler                                ./src/startup_stm32f429_439xx.o
CRYP_IRQHandler                                   ./src/startup_stm32f429_439xx.o
DCMI_IRQHandler                                   ./src/startup_stm32f429_439xx.o
DMA1_Stream0_IRQHandler                           ./src/startup_stm32f429_439xx.o
DMA1_Stream1_IRQHandler                           ./src/startup_stm32f429_439xx.o
DMA1_Stream2_IRQHandler                           ./src/startup_stm32f429_439xx.o
DMA1_Stream3_IRQHandler                           ./src/startup_stm32f429_439xx.o
DMA1_Stream4_IRQHandler                           ./src/startup_stm32f429_439xx.o
DMA1_Stream5_IRQHandler                           ./src/startup_stm32f429_439xx.o
DMA1_Stream6_IRQHandler                           ./src/startup_stm32f429_439xx.o
DMA1_Stream7_IRQHandler                           ./src/startup_stm32f429_439xx.o
DMA2D_IRQHandler                                  ./src/startup_stm32f429_439xx.o
DMA2_Stream0_IRQHandler                           ./src/startup_stm32f429_439xx.o
DMA2_Stream1_IRQHandler                           ./src/startup_stm32f429_439xx.o
DMA2_Stream2_IRQHandler                           ./src/startup_stm32f429_439xx.o
DMA2_Stream3_IRQHandler                           ./src/startup_stm32f429_439xx.o
DMA2_Stream4_IRQHandler                           ./src/startup_stm32f429_439xx.o
DMA2_Stream5_IRQHandler                           ./src/startup_stm32f429_439xx.o
DMA2_Stream6_IRQHandler                           ./src/startup_stm32f429_439xx.o
DMA2_Stream7_IRQHandler                           ./src/startup_stm32f429_439xx.o
DebugMon_Handler                                  ./src/startup_stm32f429_439xx.o
Default_Handler                                   ./src/startup_stm32f429_439xx.o
ETH_IRQHandler                                    ./src/startup_stm32f429_439xx.o
ETH_WKUP_IRQHandler                               ./src/startup_stm32f429_439xx.o
EXTI0_IRQHandler                                  ./src/startup_stm32f429_439xx.o
EXTI15_10_IRQHandler                              ./src/startup_stm32f429_439xx.o
EXTI1_IRQHandler                                  ./src/startup_stm32f429_439xx.o
EXTI2_IRQHandler                                  ./src/startup_stm32f429_439xx.o
EXTI3_IRQHandler                                  ./src/startup_stm32f429_439xx.o
EXTI4_IRQHandler                                  ./src/startup_stm32f429_439xx.o
EXTI9_5_IRQHandler                                ./src/startup_stm32f429_439xx.o
FLASH_IRQHandler                                  ./src/startup_stm32f429_439xx.o
FPU_IRQHandler                                    ./src/startup_stm32f429_439xx.o
FSMC_IRQHandler                                   ./src/startup_stm32f429_439xx.o
HASH_RNG_IRQHandler                               ./src/startup_stm32f429_439xx.o
HardFault_Handler                                 ./src/startup_stm32f429_439xx.o
I2C1_ER_IRQHandler                                ./src/startup_stm32f429_439xx.o
I2C1_EV_IRQHandler                                ./src/startup_stm32f429_439xx.o
I2C2_ER_IRQHandler                                ./src/startup_stm32f429_439xx.o
I2C2_EV_IRQHandler                                ./src/startup_stm32f429_439xx.o
I2C3_ER_IRQHandler                                ./src/startup_stm32f429_439xx.o
I2C3_EV_IRQHandler                                ./src/startup_stm32f429_439xx.o
LTDC_ER_IRQHandler                                ./src/startup_stm32f429_439xx.o
LTDC_IRQHandler                                   ./src/startup_stm32f429_439xx.o
MemManage_Handler                                 ./src/startup_stm32f429_439xx.o
NMI_Handler                                       ./src/startup_stm32f429_439xx.o
OTG_FS_IRQHandler                                 ./src/startup_stm32f429_439xx.o
OTG_FS_WKUP_IRQHandler                            ./src/startup_stm32f429_439xx.o
OTG_HS_EP1_IN_IRQHandler                          ./src/startup_stm32f429_439xx.o
OTG_HS_EP1_OUT_IRQHandler                         ./src/startup_stm32f429_439xx.o
OTG_HS_IRQHandler                                 ./src/startup_stm32f429_439xx.o
OTG_HS_WKUP_IRQHandler                            ./src/startup_stm32f429_439xx.o
PVD_IRQHandler                                    ./src/startup_stm32f429_439xx.o
PendSV_Handler                                    ./src/startup_stm32f429_439xx.o
RCC_IRQHandler                                    ./src/startup_stm32f429_439xx.o
RTC_Alarm_IRQHandler                              ./src/startup_stm32f429_439xx.o
RTC_WKUP_IRQHandler                               ./src/startup_stm32f429_439xx.o
Reset_Handler                                     ./src/startup_stm32f429_439xx.o
SAI1_IRQHandler                                   ./src/startup_stm32f429_439xx.o
SDIO_IRQHandler                                   ./src/startup_stm32f429_439xx.o
SPI1_IRQHandler                                   ./src/startup_stm32f429_439xx.o
SPI2_IRQHandler                                   ./src/startup_stm32f429_439xx.o
SPI3_IRQHandler                                   ./src/startup_stm32f429_439xx.o
SPI4_IRQHandler                                   ./src/startup_stm32f429_439xx.o
SPI5_IRQHandler                                   ./src/startup_stm32f429_439xx.o
SPI6_IRQHandler                                   ./src/startup_stm32f429_439xx.o
SVC_Handler                                       ./src/startup_stm32f429_439xx.o
SysTick_Handler                                   ./src/startup_stm32f429_439xx.o
SystemCoreClock                                   ./src/system_stm32f4xx.o
SystemCoreClockUpdate                             ./src/system_stm32f4xx.o
SystemInit                                        ./src/system_stm32f4xx.o
                                                  ./src/startup_stm32f429_439xx.o
TAMP_STAMP_IRQHandler                             ./src/startup_stm32f429_439xx.o
TIM1_BRK_TIM9_IRQHandler                          ./src/startup_stm32f429_439xx.o
TIM1_CC_IRQHandler                                ./src/startup_stm32f429_439xx.o
TIM1_TRG_COM_TIM11_IRQHandler                     ./src/startup_stm32f429_439xx.o
TIM1_UP_TIM10_IRQHandler                          ./src/startup_stm32f429_439xx.o
TIM2_IRQHandler                                   ./src/startup_stm32f429_439xx.o
TIM3_IRQHandler                                   ./src/startup_stm32f429_439xx.o
TIM4_IRQHandler                                   ./src/startup_stm32f429_439xx.o
TIM5_IRQHandler                                   ./src/startup_stm32f429_439xx.o
TIM6_DAC_IRQHandler                               ./src/startup_stm32f429_439xx.o
TIM7_IRQHandler                                   ./src/startup_stm32f429_439xx.o
TIM8_BRK_TIM12_IRQHandler                         ./src/startup_stm32f429_439xx.o
TIM8_CC_IRQHandler                                ./src/startup_stm32f429_439xx.o
TIM8_TRG_COM_TIM14_IRQHandler                     ./src/startup_stm32f429_439xx.o
TIM8_UP_TIM13_IRQHandler                          ./src/startup_stm32f429_439xx.o
UART4_IRQHandler                                  ./src/startup_stm32f429_439xx.o
UART5_IRQHandler                                  ./src/startup_stm32f429_439xx.o
UART7_IRQHandler                                  ./src/startup_stm32f429_439xx.o
UART8_IRQHandler                                  ./src/startup_stm32f429_439xx.o
USART1_IRQHandler                                 ./src/startup_stm32f429_439xx.o
USART2_IRQHandler                                 ./src/startup_stm32f429_439xx.o
USART3_IRQHandler                                 ./src/startup_stm32f429_439xx.o
USART6_IRQHandler                                 ./src/startup_stm32f429_439xx.o
UsageFault_Handler                                ./src/startup_stm32f429_439xx.o
WWDG_IRQHandler                                   ./src/startup_stm32f429_439xx.o
_ebss                                             ./src/startup_stm32f429_439xx.o
_edata                                            ./src/startup_stm32f429_439xx.o
_estack                                           ./src/startup_stm32f429_439xx.o
_sbss                                             ./src/startup_stm32f429_439xx.o
_sdata                                            ./src/startup_stm32f429_439xx.o
_sidata                                           ./src/startup_stm32f429_439xx.o
g_pfnVectors                                      ./src/startup_stm32f429_439xx.o
gpio_alternate_function_bit_setup                 ./src/gpio.o
gpio_input_data_bit_read                          ./src/gpio.o
gpio_mode_bit_setup                               ./src/gpio.o
gpio_output_data_bit_read                         ./src/gpio.o
gpio_output_data_bit_setup                        ./src/gpio.o
gpio_output_speed_bit_setup                       ./src/gpio.o
gpio_output_type_bit_setup                        ./src/gpio.o
gpio_pin_setup                                    ./src/gpio.o
                                                  ./src/main.o
gpio_pull_updown_bit_setup                        ./src/gpio.o
main                                              ./src/main.o
                                                  ./src/startup_stm32f429_439xx.o
tic12400_handler                                  ./src/tic12400.o
tic12400_rx_data_transposition                    ./src/tic12400.o
tic12400_tx_data_transposition                    ./src/tic12400.o
